============================= test session starts =============================
platform win32 -- Python 3.12.2, pytest-9.0.2, pluggy-1.6.0 -- C:\Users\ADMIN\AppData\Local\Programs\Python\Python312\python.exe
cachedir: .pytest_cache
rootdir: D:\lathika\infynd\Employee Data Scraping & Extraction System
plugins: anyio-4.12.1, asyncio-1.3.0
asyncio: mode=Mode.STRICT, debug=False, asyncio_default_fixture_loop_scope=None, asyncio_default_test_loop_scope=function
collecting ... collected 5 items

tests/test_api.py::test_invalid_url PASSED                               [ 20%]
tests/test_api.py::test_blocked_internal_ip PASSED                       [ 40%]
tests/test_api.py::test_empty_html PASSED                                [ 60%]
tests/test_api.py::test_malformed_ai_response FAILED                     [ 80%]
tests/test_api.py::test_successful_extraction FAILED                     [100%]

================================== FAILURES ===================================
_________________________ test_malformed_ai_response __________________________
tests\test_api.py:70: in test_malformed_ai_response
    assert response.status_code == 200
E   assert 500 == 200
E    +  where 500 = <Response [500 Internal Server Error]>.status_code
------------------------------ Captured log call ------------------------------
ERROR    services.extraction_service:extraction_service.py:80 Unexpected orchestration error: '\n  "name"'
Traceback (most recent call last):
  File "D:\lathika\infynd\Employee Data Scraping & Extraction System\services\extraction_service.py", line 58, in execute_extraction
    extracted_list = await self.ai_agent.extract_employees(raw_html)
                     ^^^^^^^^^^^^^^^^^^^^^^^^^^^^^^^^^^^^^^^^^^^^^^^
  File "D:\lathika\infynd\Employee Data Scraping & Extraction System\agents\extractor.py", line 82, in extract_employees
    prompt = PROMPT_TEMPLATE.format(html_content=raw_html)
             ^^^^^^^^^^^^^^^^^^^^^^^^^^^^^^^^^^^^^^^^^^^^^
KeyError: '\n  "name"'
WARNING  api.routes:routes.py:30 Extraction failed with error from service: An internal unexpected error occurred during the extraction workflow.
_________________________ test_successful_extraction __________________________
tests\test_api.py:77: in test_successful_extraction
    assert response.status_code == 200
E   assert 500 == 200
E    +  where 500 = <Response [500 Internal Server Error]>.status_code
------------------------------ Captured log call ------------------------------
ERROR    services.extraction_service:extraction_service.py:80 Unexpected orchestration error: '\n  "name"'
Traceback (most recent call last):
  File "D:\lathika\infynd\Employee Data Scraping & Extraction System\services\extraction_service.py", line 58, in execute_extraction
    extracted_list = await self.ai_agent.extract_employees(raw_html)
                     ^^^^^^^^^^^^^^^^^^^^^^^^^^^^^^^^^^^^^^^^^^^^^^^
  File "D:\lathika\infynd\Employee Data Scraping & Extraction System\agents\extractor.py", line 82, in extract_employees
    prompt = PROMPT_TEMPLATE.format(html_content=raw_html)
             ^^^^^^^^^^^^^^^^^^^^^^^^^^^^^^^^^^^^^^^^^^^^^
KeyError: '\n  "name"'
WARNING  api.routes:routes.py:30 Extraction failed with error from service: An internal unexpected error occurred during the extraction workflow.
============================== warnings summary ===============================
C:\Users\ADMIN\AppData\Local\Programs\Python\Python312\Lib\site-packages\pydantic\_internal\_config.py:271
  C:\Users\ADMIN\AppData\Local\Programs\Python\Python312\Lib\site-packages\pydantic\_internal\_config.py:271: PydanticDeprecatedSince20: Support for class-based `config` is deprecated, use ConfigDict instead. Deprecated in Pydantic V2.0 to be removed in V3.0. See Pydantic V2 Migration Guide at https://errors.pydantic.dev/2.5/migration/
    warnings.warn(DEPRECATION_MESSAGE, DeprecationWarning)

-- Docs: https://docs.pytest.org/en/stable/how-to/capture-warnings.html
=========================== short test summary info ===========================
FAILED tests/test_api.py::test_malformed_ai_response - assert 500 == 200
FAILED tests/test_api.py::test_successful_extraction - assert 500 == 200
=================== 2 failed, 3 passed, 1 warning in 2.34s ====================
